[2025-06-11T15:04:46.130+0000] {taskinstance.py:1956} INFO - Dependencies all met for dep_context=non-requeueable deps ti=<TaskInstance: marketing_performance_to_snowflake.process_marketing_data scheduled__2025-06-10T00:00:00+00:00 [queued]>
[2025-06-11T15:04:46.149+0000] {taskinstance.py:1956} INFO - Dependencies all met for dep_context=requeueable deps ti=<TaskInstance: marketing_performance_to_snowflake.process_marketing_data scheduled__2025-06-10T00:00:00+00:00 [queued]>
[2025-06-11T15:04:46.150+0000] {taskinstance.py:2170} INFO - Starting attempt 3 of 2
[2025-06-11T15:04:46.184+0000] {taskinstance.py:2191} INFO - Executing <Task(_PythonDecoratedOperator): process_marketing_data> on 2025-06-10 00:00:00+00:00
[2025-06-11T15:04:46.197+0000] {standard_task_runner.py:60} INFO - Started process 325 to run task
[2025-06-11T15:04:46.207+0000] {standard_task_runner.py:87} INFO - Running: ['airflow', 'tasks', 'run', 'marketing_performance_to_snowflake', 'process_marketing_data', 'scheduled__2025-06-10T00:00:00+00:00', '--job-id', '76', '--raw', '--subdir', 'DAGS_FOLDER/csv_to_snowflake_dag.py', '--cfg-path', '/tmp/tmpgdtdwz9h']
[2025-06-11T15:04:46.213+0000] {standard_task_runner.py:88} INFO - Job 76: Subtask process_marketing_data
[2025-06-11T15:04:46.348+0000] {task_command.py:423} INFO - Running <TaskInstance: marketing_performance_to_snowflake.process_marketing_data scheduled__2025-06-10T00:00:00+00:00 [running]> on host 94d2ab00ac05
[2025-06-11T15:04:46.600+0000] {taskinstance.py:2480} INFO - Exporting env vars: AIRFLOW_CTX_DAG_OWNER='data-team' AIRFLOW_CTX_DAG_ID='marketing_performance_to_snowflake' AIRFLOW_CTX_TASK_ID='process_marketing_data' AIRFLOW_CTX_EXECUTION_DATE='2025-06-10T00:00:00+00:00' AIRFLOW_CTX_TRY_NUMBER='3' AIRFLOW_CTX_DAG_RUN_ID='scheduled__2025-06-10T00:00:00+00:00'
[2025-06-11T15:04:46.601+0000] {logging_mixin.py:188} INFO - Starting marketing performance data processing for date: 2025-06-08
[2025-06-11T15:04:46.602+0000] {logging_mixin.py:188} INFO - Starting CSV load for table: MARKETING_PERFORMANCE for date: 2025-06-08
[2025-06-11T15:05:19.563+0000] {logging_mixin.py:188} INFO - Processing csv for date 2025-06-08
[2025-06-11T15:05:19.639+0000] {logging_mixin.py:188} INFO - [INFO] Last loaded timestamp: 2000-01-01
[2025-06-11T15:06:08.147+0000] {logging_mixin.py:188} INFO - [INFO] Found 4 records in CSV file
[2025-06-11T15:06:08.171+0000] {logging_mixin.py:188} INFO - Sample data:
[2025-06-11T15:06:18.651+0000] {logging_mixin.py:188} INFO - +-----------+------------------+------------+---------------+-----------+-----------+------+---------+-----------+--------------------+-------------+---------------------+----------+----------+
|campaign_id|ad_platform       |ad_id       |ad_group_id    |record_date|impressions|clicks|spend_usd|conversions|conversion_value_usd|source_region|source_system        |created_at|updated_at|
+-----------+------------------+------------+---------------+-----------+-----------+------+---------+-----------+--------------------+-------------+---------------------+----------+----------+
|10         | 'Google Ads'     | 'GA_AD_001'| 'GA_ADGRP_001'| 2024-06-01|5000.0     |100.0 |50.0     |5.0        |250.0               | 'EU'        | 'google_ads_api'    |2025-06-08|2025-06-08|
|11         | 'Facebook Ads'   | 'FB_AD_002'| 'FB_ADGRP_002'| 2024-06-01|8000.0     |120.0 |60.0     |7.0        |350.0               | 'EU'        | 'facebook_ads_api'  |2025-06-08|2025-06-08|
|11         | 'Google Ads'     | 'GA_AD_003'| 'GA_ADGRP_003'| 2024-06-05|3000.0     |80.0  |40.0     |3.0        |150.0               | 'US'        | 'google_ads_api'    |2025-06-08|2025-06-08|
|12         | 'Email Marketing'| 'EMAIL_001'| NULL          | 2024-06-05|10000.0    |150.0 |0.0      |10.0       |600.0               | 'US'        | 'email_platform_api'|2025-06-08|2025-06-09|
+-----------+------------------+------------+---------------+-----------+-----------+------+---------+-----------+--------------------+-------------+---------------------+----------+----------+
[2025-06-11T15:06:19.028+0000] {logging_mixin.py:188} INFO - Loading data to Snowflake table: MARKETING_PERFORMANCE using UPSERT...
[2025-06-11T15:06:19.692+0000] {connection.py:486} INFO - Snowflake Connector for Python Version: 3.15.0, Python Version: 3.10.13, Platform: Linux-6.11.0-26-generic-x86_64-with-glibc2.36
[2025-06-11T15:06:20.436+0000] {connection.py:1391} INFO - Connecting to GLOBAL Snowflake domain
[2025-06-11T15:08:58.634+0000] {logging_mixin.py:188} INFO - Error in load_dataframe_to_snowflake_with_merge: 250001: 250001: Could not connect to Snowflake backend after 1 attempt(s).Aborting
[2025-06-11T15:08:58.819+0000] {connection.py:486} INFO - Snowflake Connector for Python Version: 3.15.0, Python Version: 3.10.13, Platform: Linux-6.11.0-26-generic-x86_64-with-glibc2.36
[2025-06-11T15:08:58.915+0000] {connection.py:1391} INFO - Connecting to GLOBAL Snowflake domain
[2025-06-11T15:09:09.061+0000] {logging_mixin.py:188} INFO - Warning: Could not drop temporary staging table ODS.MARKETING_PERFORMANCE_TEMP_STAGE_20250611150619162961: 002003 (42S02): 01bcf5cd-0305-9ad2-0008-654b0013801a: SQL compilation error:
Table 'RETAIL_DWH.ODS.MARKETING_PERFORMANCE_TEMP_STAGE_20250611150619162961' does not exist or not authorized.
[2025-06-11T15:09:09.985+0000] {logging_mixin.py:188} INFO - [ERROR] Failed to load data to Snowflake: 250001: 250001: Could not connect to Snowflake backend after 1 attempt(s).Aborting
[2025-06-11T15:09:22.856+0000] {logging_mixin.py:188} INFO - Error processing marketing data: 250001: 250001: Could not connect to Snowflake backend after 1 attempt(s).Aborting
[2025-06-11T15:09:22.916+0000] {taskinstance.py:2698} ERROR - Task failed with exception
Traceback (most recent call last):
  File "/home/airflow/.local/lib/python3.10/site-packages/snowflake/connector/vendored/urllib3/contrib/pyopenssl.py", line 496, in wrap_socket
    cnx.do_handshake()
  File "/home/airflow/.local/lib/python3.10/site-packages/OpenSSL/SSL.py", line 2202, in do_handshake
    self._raise_ssl_error(self._ssl, result)
  File "/home/airflow/.local/lib/python3.10/site-packages/OpenSSL/SSL.py", line 1810, in _raise_ssl_error
    raise WantReadError()
OpenSSL.SSL.WantReadError

During handling of the above exception, another exception occurred:

Traceback (most recent call last):
  File "/home/airflow/.local/lib/python3.10/site-packages/snowflake/connector/vendored/urllib3/connectionpool.py", line 404, in _make_request
    self._validate_conn(conn)
  File "/home/airflow/.local/lib/python3.10/site-packages/snowflake/connector/vendored/urllib3/connectionpool.py", line 1058, in _validate_conn
    conn.connect()
  File "/home/airflow/.local/lib/python3.10/site-packages/snowflake/connector/vendored/urllib3/connection.py", line 419, in connect
    self.sock = ssl_wrap_socket(
  File "/home/airflow/.local/lib/python3.10/site-packages/snowflake/connector/ssl_wrap_socket.py", line 73, in ssl_wrap_socket_with_ocsp
    ret = ssl_.ssl_wrap_socket(*args, **kwargs)
  File "/home/airflow/.local/lib/python3.10/site-packages/snowflake/connector/vendored/urllib3/util/ssl_.py", line 449, in ssl_wrap_socket
    ssl_sock = _ssl_wrap_socket_impl(
  File "/home/airflow/.local/lib/python3.10/site-packages/snowflake/connector/vendored/urllib3/util/ssl_.py", line 493, in _ssl_wrap_socket_impl
    return ssl_context.wrap_socket(sock, server_hostname=server_hostname)
  File "/home/airflow/.local/lib/python3.10/site-packages/snowflake/connector/vendored/urllib3/contrib/pyopenssl.py", line 499, in wrap_socket
    raise timeout("select timed out")
TimeoutError: select timed out

During handling of the above exception, another exception occurred:

Traceback (most recent call last):
  File "/home/airflow/.local/lib/python3.10/site-packages/snowflake/connector/vendored/requests/adapters.py", line 485, in send
    resp = conn.urlopen(
  File "/home/airflow/.local/lib/python3.10/site-packages/snowflake/connector/vendored/urllib3/connectionpool.py", line 799, in urlopen
    retries = retries.increment(
  File "/home/airflow/.local/lib/python3.10/site-packages/snowflake/connector/vendored/urllib3/util/retry.py", line 550, in increment
    raise six.reraise(type(error), error, _stacktrace)
  File "/home/airflow/.local/lib/python3.10/site-packages/snowflake/connector/vendored/urllib3/packages/six.py", line 770, in reraise
    raise value
  File "/home/airflow/.local/lib/python3.10/site-packages/snowflake/connector/vendored/urllib3/connectionpool.py", line 715, in urlopen
    httplib_response = self._make_request(
  File "/home/airflow/.local/lib/python3.10/site-packages/snowflake/connector/vendored/urllib3/connectionpool.py", line 407, in _make_request
    self._raise_timeout(err=e, url=url, timeout_value=conn.timeout)
  File "/home/airflow/.local/lib/python3.10/site-packages/snowflake/connector/vendored/urllib3/connectionpool.py", line 358, in _raise_timeout
    raise ReadTimeoutError(
snowflake.connector.vendored.urllib3.exceptions.ReadTimeoutError: HTTPSConnectionPool(host='rlfsvmi-spb81014.snowflakecomputing.com', port=443): Read timed out. (read timeout=60)

During handling of the above exception, another exception occurred:

Traceback (most recent call last):
  File "/home/airflow/.local/lib/python3.10/site-packages/snowflake/connector/network.py", line 1091, in _request_exec
    raw_ret = session.request(
  File "/home/airflow/.local/lib/python3.10/site-packages/snowflake/connector/vendored/requests/sessions.py", line 589, in request
    resp = self.send(prep, **send_kwargs)
  File "/home/airflow/.local/lib/python3.10/site-packages/snowflake/connector/vendored/requests/sessions.py", line 703, in send
    r = adapter.send(request, **kwargs)
  File "/home/airflow/.local/lib/python3.10/site-packages/snowflake/connector/vendored/requests/adapters.py", line 531, in send
    raise ReadTimeout(e, request=request)
snowflake.connector.vendored.requests.exceptions.ReadTimeout: HTTPSConnectionPool(host='rlfsvmi-spb81014.snowflakecomputing.com', port=443): Read timed out. (read timeout=60)

During handling of the above exception, another exception occurred:

Traceback (most recent call last):
  File "/home/airflow/.local/lib/python3.10/site-packages/snowflake/connector/connection.py", line 1647, in _authenticate
    auth.authenticate(
  File "/home/airflow/.local/lib/python3.10/site-packages/snowflake/connector/auth/_auth.py", line 226, in authenticate
    ret = self._rest._post_request(
  File "/home/airflow/.local/lib/python3.10/site-packages/snowflake/connector/network.py", line 759, in _post_request
    ret = self.fetch(
  File "/home/airflow/.local/lib/python3.10/site-packages/snowflake/connector/network.py", line 874, in fetch
    ret = self._request_exec_wrapper(
  File "/home/airflow/.local/lib/python3.10/site-packages/snowflake/connector/network.py", line 1002, in _request_exec_wrapper
    raise e
  File "/home/airflow/.local/lib/python3.10/site-packages/snowflake/connector/network.py", line 924, in _request_exec_wrapper
    return_object = self._request_exec(
  File "/home/airflow/.local/lib/python3.10/site-packages/snowflake/connector/network.py", line 1189, in _request_exec
    raise OperationalError(
snowflake.connector.errors.OperationalError: 251011: 251011: ConnectionTimeout occurred during login. Will be handled by authenticator

The above exception was the direct cause of the following exception:

Traceback (most recent call last):
  File "/home/airflow/.local/lib/python3.10/site-packages/airflow/models/taskinstance.py", line 433, in _execute_task
    result = execute_callable(context=context, **execute_callable_kwargs)
  File "/home/airflow/.local/lib/python3.10/site-packages/airflow/decorators/base.py", line 241, in execute
    return_value = super().execute(context)
  File "/home/airflow/.local/lib/python3.10/site-packages/airflow/operators/python.py", line 199, in execute
    return_value = self.execute_callable()
  File "/home/airflow/.local/lib/python3.10/site-packages/airflow/operators/python.py", line 216, in execute_callable
    return self.python_callable(*self.op_args, **self.op_kwargs)
  File "/opt/airflow/dags/csv_to_snowflake_dag.py", line 75, in process_marketing_data
    raise e
  File "/opt/airflow/dags/csv_to_snowflake_dag.py", line 66, in process_marketing_data
    load_csv_to_snowflake(
  File "/opt/airflow/scripts/pyspark_jobs/csv_ods_draft.py", line 256, in load_csv_to_snowflake
    raise e
  File "/opt/airflow/scripts/pyspark_jobs/csv_ods_draft.py", line 242, in load_csv_to_snowflake
    load_dataframe_to_snowflake_with_merge(
  File "/opt/airflow/scripts/pyspark_jobs/csv_ods_draft.py", line 130, in load_dataframe_to_snowflake_with_merge
    conn = get_snowflake_connection()
  File "/opt/airflow/scripts/pyspark_jobs/csv_ods_draft.py", line 22, in get_snowflake_connection
    return snowflake.connector.connect(
  File "/home/airflow/.local/lib/python3.10/site-packages/snowflake/connector/__init__.py", line 54, in Connect
    return SnowflakeConnection(**kwargs)
  File "/home/airflow/.local/lib/python3.10/site-packages/snowflake/connector/connection.py", line 548, in __init__
    self.connect(**kwargs)
  File "/home/airflow/.local/lib/python3.10/site-packages/snowflake/connector/connection.py", line 901, in connect
    self.__open_connection()
  File "/home/airflow/.local/lib/python3.10/site-packages/snowflake/connector/connection.py", line 1293, in __open_connection
    self.authenticate_with_retry(self.auth_class)
  File "/home/airflow/.local/lib/python3.10/site-packages/snowflake/connector/connection.py", line 1615, in authenticate_with_retry
    self._authenticate(auth_instance)
  File "/home/airflow/.local/lib/python3.10/site-packages/snowflake/connector/connection.py", line 1693, in _authenticate
    raise auth_op from e
  File "/home/airflow/.local/lib/python3.10/site-packages/snowflake/connector/connection.py", line 1668, in _authenticate
    auth_instance.handle_timeout(
  File "/home/airflow/.local/lib/python3.10/site-packages/snowflake/connector/auth/by_plugin.py", line 211, in handle_timeout
    raise error
snowflake.connector.errors.OperationalError: 250001: 250001: Could not connect to Snowflake backend after 1 attempt(s).Aborting
[2025-06-11T15:09:23.882+0000] {taskinstance.py:1138} INFO - Marking task as FAILED. dag_id=marketing_performance_to_snowflake, task_id=process_marketing_data, execution_date=20250610T000000, start_date=20250611T150446, end_date=20250611T150923
[2025-06-11T15:09:24.670+0000] {standard_task_runner.py:107} ERROR - Failed to execute job 76 for task process_marketing_data (250001: 250001: Could not connect to Snowflake backend after 1 attempt(s).Aborting; 325)
[2025-06-11T15:09:24.829+0000] {local_task_job_runner.py:234} INFO - Task exited with return code 1
[2025-06-11T15:09:26.246+0000] {taskinstance.py:3280} INFO - 0 downstream tasks scheduled from follow-on schedule check
