[2025-06-08T14:52:42.793+0000] {taskinstance.py:1956} INFO - Dependencies all met for dep_context=non-requeueable deps ti=<TaskInstance: transform_customers_csv.run_transformation_eu scheduled__2025-06-03T00:00:00+00:00 [queued]>
[2025-06-08T14:52:42.819+0000] {taskinstance.py:1956} INFO - Dependencies all met for dep_context=requeueable deps ti=<TaskInstance: transform_customers_csv.run_transformation_eu scheduled__2025-06-03T00:00:00+00:00 [queued]>
[2025-06-08T14:52:42.820+0000] {taskinstance.py:2170} INFO - Starting attempt 1 of 1
[2025-06-08T14:52:42.867+0000] {taskinstance.py:2191} INFO - Executing <Task(_PythonDecoratedOperator): run_transformation_eu> on 2025-06-03 00:00:00+00:00
[2025-06-08T14:52:42.889+0000] {standard_task_runner.py:60} INFO - Started process 25783 to run task
[2025-06-08T14:52:42.896+0000] {standard_task_runner.py:87} INFO - Running: ['airflow', 'tasks', 'run', 'transform_customers_csv', 'run_transformation_eu', 'scheduled__2025-06-03T00:00:00+00:00', '--job-id', '421', '--raw', '--subdir', 'DAGS_FOLDER/staging/customer_to_staging.py', '--cfg-path', '/tmp/tmphfisk9jk']
[2025-06-08T14:52:42.902+0000] {standard_task_runner.py:88} INFO - Job 421: Subtask run_transformation_eu
[2025-06-08T14:52:42.956+0000] {logging_mixin.py:188} WARNING - /home/airflow/.local/lib/python3.10/site-packages/airflow/settings.py:194 DeprecationWarning: The sql_alchemy_conn option in [core] has been moved to the sql_alchemy_conn option in [database] - the old setting has been used, but please update your config.
[2025-06-08T14:52:43.093+0000] {task_command.py:423} INFO - Running <TaskInstance: transform_customers_csv.run_transformation_eu scheduled__2025-06-03T00:00:00+00:00 [running]> on host f7e9b9614623
[2025-06-08T14:52:43.859+0000] {taskinstance.py:2480} INFO - Exporting env vars: AIRFLOW_CTX_DAG_OWNER='airflow' AIRFLOW_CTX_DAG_ID='transform_customers_csv' AIRFLOW_CTX_TASK_ID='run_transformation_eu' AIRFLOW_CTX_EXECUTION_DATE='2025-06-03T00:00:00+00:00' AIRFLOW_CTX_TRY_NUMBER='1' AIRFLOW_CTX_DAG_RUN_ID='scheduled__2025-06-03T00:00:00+00:00'
[2025-06-08T14:52:43.860+0000] {logging_mixin.py:188} INFO - Starting transformation for table: customers in region: eu
[2025-06-08T14:53:12.510+0000] {logging_mixin.py:188} INFO - Reading data from: /opt/airflow/data/raw/region=eu/table=customers/load_date=2025-06-06/
[2025-06-08T14:53:52.445+0000] {local_task_job_runner.py:296} WARNING - DagRun timed out after 1:00:04.348547.
[2025-06-08T14:53:52.748+0000] {logging_mixin.py:188} INFO - [INFO] Processing 25 records for eu
[2025-06-08T14:53:57.831+0000] {local_task_job_runner.py:296} WARNING - DagRun timed out after 1:00:09.733744.
[2025-06-08T14:53:57.832+0000] {local_task_job_runner.py:302} WARNING - State of this instance has been externally set to skipped. Terminating instance.
[2025-06-08T14:53:57.919+0000] {process_utils.py:131} INFO - Sending 15 to group 25783. PIDs of all processes in the group: [25807, 25783]
[2025-06-08T14:53:57.930+0000] {process_utils.py:86} INFO - Sending the signal 15 to group 25783
[2025-06-08T14:53:57.933+0000] {taskinstance.py:2450} ERROR - Received SIGTERM. Terminating subprocesses.
[2025-06-08T14:53:57.941+0000] {clientserver.py:538} INFO - Error while receiving.
Traceback (most recent call last):
  File "/home/airflow/.local/lib/python3.10/site-packages/py4j/clientserver.py", line 511, in send_command
    answer = smart_decode(self.stream.readline()[:-1])
  File "/usr/local/lib/python3.10/socket.py", line 705, in readinto
    return self._sock.recv_into(b)
  File "/home/airflow/.local/lib/python3.10/site-packages/airflow/models/taskinstance.py", line 2452, in signal_handler
    raise AirflowException("Task received SIGTERM signal")
airflow.exceptions.AirflowException: Task received SIGTERM signal
[2025-06-08T14:53:57.992+0000] {clientserver.py:543} INFO - Closing down clientserver connection
[2025-06-08T14:53:57.999+0000] {java_gateway.py:1055} ERROR - Exception while sending command.
Traceback (most recent call last):
  File "/home/airflow/.local/lib/python3.10/site-packages/py4j/clientserver.py", line 511, in send_command
    answer = smart_decode(self.stream.readline()[:-1])
  File "/usr/local/lib/python3.10/socket.py", line 705, in readinto
    return self._sock.recv_into(b)
  File "/home/airflow/.local/lib/python3.10/site-packages/airflow/models/taskinstance.py", line 2452, in signal_handler
    raise AirflowException("Task received SIGTERM signal")
airflow.exceptions.AirflowException: Task received SIGTERM signal

During handling of the above exception, another exception occurred:

Traceback (most recent call last):
  File "/home/airflow/.local/lib/python3.10/site-packages/py4j/java_gateway.py", line 1038, in send_command
    response = connection.send_command(command)
  File "/home/airflow/.local/lib/python3.10/site-packages/py4j/clientserver.py", line 539, in send_command
    raise Py4JNetworkError(
py4j.protocol.Py4JNetworkError: Error while sending or receiving
[2025-06-08T14:53:58.012+0000] {clientserver.py:543} INFO - Closing down clientserver connection
[2025-06-08T14:53:58.017+0000] {logging_mixin.py:188} INFO - Error transforming data for eu: An error occurred while calling o32.select
[2025-06-08T14:53:58.315+0000] {taskinstance.py:2698} ERROR - Task failed with exception
Traceback (most recent call last):
  File "/home/airflow/.local/lib/python3.10/site-packages/airflow/models/taskinstance.py", line 433, in _execute_task
    result = execute_callable(context=context, **execute_callable_kwargs)
  File "/home/airflow/.local/lib/python3.10/site-packages/airflow/decorators/base.py", line 241, in execute
    return_value = super().execute(context)
  File "/home/airflow/.local/lib/python3.10/site-packages/airflow/operators/python.py", line 199, in execute
    return_value = self.execute_callable()
  File "/home/airflow/.local/lib/python3.10/site-packages/airflow/operators/python.py", line 216, in execute_callable
    return self.python_callable(*self.op_args, **self.op_kwargs)
  File "/opt/airflow/dags/staging/customer_to_staging.py", line 91, in run_transformation_eu
    transform_customers_table(
  File "/opt/airflow/scripts/pyspark_jobs/customer.py", line 68, in transform_customers_table
    raise e
  File "/opt/airflow/scripts/pyspark_jobs/customer.py", line 50, in transform_customers_table
    df_transformed = transform_customers(df_raw, region)
  File "/opt/airflow/scripts/etl/transform/customer.py", line 146, in transform_customers
    return transform_eu(df)
  File "/opt/airflow/scripts/etl/transform/customer.py", line 102, in transform_eu
    return df.select(
  File "/home/airflow/.local/lib/python3.10/site-packages/pyspark/sql/dataframe.py", line 3227, in select
    jdf = self._jdf.select(self._jcols(*cols))
  File "/home/airflow/.local/lib/python3.10/site-packages/py4j/java_gateway.py", line 1322, in __call__
    return_value = get_return_value(
  File "/home/airflow/.local/lib/python3.10/site-packages/pyspark/errors/exceptions/captured.py", line 179, in deco
    return f(*a, **kw)
  File "/home/airflow/.local/lib/python3.10/site-packages/py4j/protocol.py", line 334, in get_return_value
    raise Py4JError(
py4j.protocol.Py4JError: An error occurred while calling o32.select
[2025-06-08T14:53:58.652+0000] {taskinstance.py:1138} INFO - Marking task as FAILED. dag_id=transform_customers_csv, task_id=run_transformation_eu, execution_date=20250603T000000, start_date=20250608T145242, end_date=20250608T145358
[2025-06-08T14:53:58.857+0000] {standard_task_runner.py:107} ERROR - Failed to execute job 421 for task run_transformation_eu (An error occurred while calling o32.select; 25783)
[2025-06-08T14:53:58.968+0000] {process_utils.py:79} INFO - Process psutil.Process(pid=25783, status='terminated', exitcode=1, started='14:52:42') (25783) terminated with exit code 1
[2025-06-08T14:53:59.373+0000] {process_utils.py:79} INFO - Process psutil.Process(pid=25807, status='terminated', started='14:52:44') (25807) terminated with exit code None
