[2025-06-09T04:54:01.047+0000] {taskinstance.py:1956} INFO - Dependencies all met for dep_context=non-requeueable deps ti=<TaskInstance: multi_region_processor_alternative.process_categories_us scheduled__2025-06-08T00:00:00+00:00 [queued]>
[2025-06-09T04:54:01.068+0000] {taskinstance.py:1956} INFO - Dependencies all met for dep_context=requeueable deps ti=<TaskInstance: multi_region_processor_alternative.process_categories_us scheduled__2025-06-08T00:00:00+00:00 [queued]>
[2025-06-09T04:54:01.069+0000] {taskinstance.py:2170} INFO - Starting attempt 1 of 2
[2025-06-09T04:54:01.115+0000] {taskinstance.py:2191} INFO - Executing <Task(_PythonDecoratedOperator): process_categories_us> on 2025-06-08 00:00:00+00:00
[2025-06-09T04:54:01.125+0000] {standard_task_runner.py:60} INFO - Started process 1104 to run task
[2025-06-09T04:54:01.126+0000] {clientserver.py:543} INFO - Closing down clientserver connection
[2025-06-09T04:54:01.138+0000] {standard_task_runner.py:87} INFO - Running: ['airflow', 'tasks', 'run', 'multi_region_processor_alternative', 'process_categories_us', 'scheduled__2025-06-08T00:00:00+00:00', '--job-id', '150', '--raw', '--subdir', 'DAGS_FOLDER/dag_run.py', '--cfg-path', '/tmp/tmp5sab9x8u']
[2025-06-09T04:54:01.140+0000] {standard_task_runner.py:88} INFO - Job 150: Subtask process_categories_us
[2025-06-09T04:54:01.240+0000] {logging_mixin.py:188} WARNING - /home/airflow/.local/lib/python3.10/site-packages/airflow/settings.py:194 DeprecationWarning: The sql_alchemy_conn option in [core] has been moved to the sql_alchemy_conn option in [database] - the old setting has been used, but please update your config.
[2025-06-09T04:54:01.286+0000] {clientserver.py:505} INFO - Error while sending or receiving.
Traceback (most recent call last):
  File "/home/airflow/.local/lib/python3.10/site-packages/py4j/clientserver.py", line 503, in send_command
    self.socket.sendall(command.encode("utf-8"))
ConnectionResetError: [Errno 104] Connection reset by peer
[2025-06-09T04:54:01.288+0000] {clientserver.py:543} INFO - Closing down clientserver connection
[2025-06-09T04:54:01.289+0000] {java_gateway.py:1052} INFO - Exception while sending command.
Traceback (most recent call last):
  File "/home/airflow/.local/lib/python3.10/site-packages/py4j/clientserver.py", line 503, in send_command
    self.socket.sendall(command.encode("utf-8"))
ConnectionResetError: [Errno 104] Connection reset by peer

During handling of the above exception, another exception occurred:

Traceback (most recent call last):
  File "/home/airflow/.local/lib/python3.10/site-packages/py4j/java_gateway.py", line 1038, in send_command
    response = connection.send_command(command)
  File "/home/airflow/.local/lib/python3.10/site-packages/py4j/clientserver.py", line 506, in send_command
    raise Py4JNetworkError(
py4j.protocol.Py4JNetworkError: Error while sending
[2025-06-09T04:54:01.299+0000] {clientserver.py:543} INFO - Closing down clientserver connection
[2025-06-09T04:54:01.386+0000] {task_command.py:423} INFO - Running <TaskInstance: multi_region_processor_alternative.process_categories_us scheduled__2025-06-08T00:00:00+00:00 [running]> on host 847c6af56c4f
[2025-06-09T04:54:01.949+0000] {taskinstance.py:2480} INFO - Exporting env vars: AIRFLOW_CTX_DAG_OWNER='data-team' AIRFLOW_CTX_DAG_ID='multi_region_processor_alternative' AIRFLOW_CTX_TASK_ID='process_categories_us' AIRFLOW_CTX_EXECUTION_DATE='2025-06-08T00:00:00+00:00' AIRFLOW_CTX_TRY_NUMBER='1' AIRFLOW_CTX_DAG_RUN_ID='scheduled__2025-06-08T00:00:00+00:00'
[2025-06-09T04:54:01.964+0000] {logging_mixin.py:188} INFO - üîÑ Processing categories for region us
[2025-06-09T04:54:01.965+0000] {logging_mixin.py:188} INFO - üìÇ Input path: /opt/airflow/data/raw/region=us/table=categories/load_date=2025-06-08/
[2025-06-09T04:54:01.965+0000] {logging_mixin.py:188} INFO - üìÅ Output path: /opt/airflow/data/processed/region=us/table=categories/load_date=2025-06-08/
[2025-06-09T04:54:01.966+0000] {logging_mixin.py:188} INFO - üìñ Reading data from /opt/airflow/data/raw/region=us/table=categories/load_date=2025-06-08/
[2025-06-09T04:54:11.423+0000] {logging_mixin.py:188} INFO - üîß Applying transformation for categories
[2025-06-09T04:54:12.619+0000] {logging_mixin.py:188} INFO - üíæ Writing transformed data to /opt/airflow/data/processed/region=us/table=categories/load_date=2025-06-08/
[2025-06-09T04:54:26.143+0000] {logging_mixin.py:188} INFO - +-----------+---------------+------------------+--------------------+---------+-------------------+-------------------+-------+--------+
|category_id|  category_name|parent_category_id|       category_path|is_active|         created_at|         updated_at|_region| _source|
+-----------+---------------+------------------+--------------------+---------+-------------------+-------------------+-------+--------+
|          1|    Electronics|              NULL|        /Electronics|     true|2025-06-08 19:23:27|2025-06-08 19:23:27|     us|postgres|
|          2|    Smartphones|                 1|/Electronics/Smar...|     true|2025-06-08 19:23:27|2025-06-08 19:23:27|     us|postgres|
|          3|        Laptops|                 1|/Electronics/Laptops|     true|2025-06-08 19:23:27|2025-06-08 19:23:27|     us|postgres|
|          4|Gaming Consoles|                 1| /Electronics/Gaming|     true|2025-06-08 19:23:27|2025-06-08 19:23:27|     us|postgres|
|          5|       Clothing|              NULL|           /Clothing|     true|2025-06-08 19:23:27|2025-06-08 19:23:27|     us|postgres|
|          6|   Mens Apparel|                 5|      /Clothing/Mens|     true|2025-06-08 19:23:27|2025-06-08 19:23:27|     us|postgres|
|          7| Womens Apparel|                 5|    /Clothing/Womens|     true|2025-06-08 19:23:27|2025-06-08 19:23:27|     us|postgres|
|          8|  Home & Garden|              NULL|        /Home-Garden|     true|2025-06-08 19:23:27|2025-06-08 19:23:27|     us|postgres|
|          9|      Furniture|                 8|/Home-Garden/Furn...|     true|2025-06-08 19:23:27|2025-06-08 19:23:27|     us|postgres|
|         10|          Books|              NULL|              /Books|     true|2025-06-08 19:23:27|2025-06-08 19:23:27|     us|postgres|
+-----------+---------------+------------------+--------------------+---------+-------------------+-------------------+-------+--------+
only showing top 10 rows
[2025-06-09T04:54:27.998+0000] {logging_mixin.py:188} INFO - ‚úÖ Successfully processed 30 records for categories in us
[2025-06-09T04:54:27.999+0000] {logging_mixin.py:188} INFO - üõë Stopping Spark session for categories_us
[2025-06-09T06:55:46.702+0000] {taskinstance.py:1956} INFO - Dependencies all met for dep_context=non-requeueable deps ti=<TaskInstance: multi_region_processor_alternative.process_categories_us scheduled__2025-06-08T00:00:00+00:00 [queued]>
[2025-06-09T06:55:46.719+0000] {taskinstance.py:1956} INFO - Dependencies all met for dep_context=requeueable deps ti=<TaskInstance: multi_region_processor_alternative.process_categories_us scheduled__2025-06-08T00:00:00+00:00 [queued]>
[2025-06-09T06:55:46.719+0000] {taskinstance.py:2170} INFO - Starting attempt 1 of 2
[2025-06-09T06:55:46.746+0000] {taskinstance.py:2191} INFO - Executing <Task(_PythonDecoratedOperator): process_categories_us> on 2025-06-08 00:00:00+00:00
[2025-06-09T06:55:46.755+0000] {standard_task_runner.py:60} INFO - Started process 41372 to run task
[2025-06-09T06:55:46.761+0000] {standard_task_runner.py:87} INFO - Running: ['airflow', 'tasks', 'run', 'multi_region_processor_alternative', 'process_categories_us', 'scheduled__2025-06-08T00:00:00+00:00', '--job-id', '27', '--raw', '--subdir', 'DAGS_FOLDER/dag_run.py', '--cfg-path', '/tmp/tmpl_li0_7n']
[2025-06-09T06:55:46.764+0000] {standard_task_runner.py:88} INFO - Job 27: Subtask process_categories_us
[2025-06-09T06:55:46.795+0000] {logging_mixin.py:188} WARNING - /home/airflow/.local/lib/python3.10/site-packages/airflow/settings.py:194 DeprecationWarning: The sql_alchemy_conn option in [core] has been moved to the sql_alchemy_conn option in [database] - the old setting has been used, but please update your config.
[2025-06-09T06:55:46.889+0000] {task_command.py:423} INFO - Running <TaskInstance: multi_region_processor_alternative.process_categories_us scheduled__2025-06-08T00:00:00+00:00 [running]> on host afcdbcf38bc0
[2025-06-09T06:55:47.109+0000] {taskinstance.py:2480} INFO - Exporting env vars: AIRFLOW_CTX_DAG_OWNER='data-team' AIRFLOW_CTX_DAG_ID='multi_region_processor_alternative' AIRFLOW_CTX_TASK_ID='process_categories_us' AIRFLOW_CTX_EXECUTION_DATE='2025-06-08T00:00:00+00:00' AIRFLOW_CTX_TRY_NUMBER='1' AIRFLOW_CTX_DAG_RUN_ID='scheduled__2025-06-08T00:00:00+00:00'
[2025-06-09T06:55:52.730+0000] {logging_mixin.py:188} INFO - Error processing categories for us: [JAVA_GATEWAY_EXITED] Java gateway process exited before sending its port number.
[2025-06-09T06:55:52.732+0000] {taskinstance.py:2698} ERROR - Task failed with exception
Traceback (most recent call last):
  File "/opt/airflow/dags/dag_run.py", line 129, in process_table
    spark = get_spark_session(f"Process_{table}_{region}_{load_date}")
  File "/opt/airflow/dags/dag_run.py", line 115, in get_spark_session
    .getOrCreate()
  File "/home/airflow/.local/lib/python3.10/site-packages/pyspark/sql/session.py", line 497, in getOrCreate
    sc = SparkContext.getOrCreate(sparkConf)
  File "/home/airflow/.local/lib/python3.10/site-packages/pyspark/context.py", line 515, in getOrCreate
    SparkContext(conf=conf or SparkConf())
  File "/home/airflow/.local/lib/python3.10/site-packages/pyspark/context.py", line 201, in __init__
    SparkContext._ensure_initialized(self, gateway=gateway, conf=conf)
  File "/home/airflow/.local/lib/python3.10/site-packages/pyspark/context.py", line 436, in _ensure_initialized
    SparkContext._gateway = gateway or launch_gateway(conf)
  File "/home/airflow/.local/lib/python3.10/site-packages/pyspark/java_gateway.py", line 107, in launch_gateway
    raise PySparkRuntimeError(
pyspark.errors.exceptions.base.PySparkRuntimeError: [JAVA_GATEWAY_EXITED] Java gateway process exited before sending its port number.

During handling of the above exception, another exception occurred:

Traceback (most recent call last):
  File "/home/airflow/.local/lib/python3.10/site-packages/airflow/models/taskinstance.py", line 433, in _execute_task
    result = execute_callable(context=context, **execute_callable_kwargs)
  File "/home/airflow/.local/lib/python3.10/site-packages/airflow/decorators/base.py", line 241, in execute
    return_value = super().execute(context)
  File "/home/airflow/.local/lib/python3.10/site-packages/airflow/operators/python.py", line 199, in execute
    return_value = self.execute_callable()
  File "/home/airflow/.local/lib/python3.10/site-packages/airflow/operators/python.py", line 216, in execute_callable
    return self.python_callable(*self.op_args, **self.op_kwargs)
  File "/opt/airflow/dags/dag_run.py", line 176, in process_table
    raise Exception(error_msg)
Exception: Error processing categories for us: [JAVA_GATEWAY_EXITED] Java gateway process exited before sending its port number.
[2025-06-09T06:55:52.784+0000] {taskinstance.py:1138} INFO - Marking task as UP_FOR_RETRY. dag_id=multi_region_processor_alternative, task_id=process_categories_us, execution_date=20250608T000000, start_date=20250609T065546, end_date=20250609T065552
[2025-06-09T06:55:52.860+0000] {standard_task_runner.py:107} ERROR - Failed to execute job 27 for task process_categories_us (Error processing categories for us: [JAVA_GATEWAY_EXITED] Java gateway process exited before sending its port number.; 41372)
[2025-06-09T06:55:52.918+0000] {local_task_job_runner.py:234} INFO - Task exited with return code 1
[2025-06-09T06:55:53.029+0000] {taskinstance.py:3280} INFO - 0 downstream tasks scheduled from follow-on schedule check
