[2025-06-09T06:56:02.250+0000] {taskinstance.py:1956} INFO - Dependencies all met for dep_context=non-requeueable deps ti=<TaskInstance: multi_region_processor_alternative.process_customers_asia manual__2025-06-09T06:55:54.379533+00:00 [queued]>
[2025-06-09T06:56:02.266+0000] {taskinstance.py:1956} INFO - Dependencies all met for dep_context=requeueable deps ti=<TaskInstance: multi_region_processor_alternative.process_customers_asia manual__2025-06-09T06:55:54.379533+00:00 [queued]>
[2025-06-09T06:56:02.266+0000] {taskinstance.py:2170} INFO - Starting attempt 1 of 2
[2025-06-09T06:56:02.289+0000] {taskinstance.py:2191} INFO - Executing <Task(_PythonDecoratedOperator): process_customers_asia> on 2025-06-09 06:55:54.379533+00:00
[2025-06-09T06:56:02.298+0000] {standard_task_runner.py:60} INFO - Started process 42023 to run task
[2025-06-09T06:56:02.302+0000] {standard_task_runner.py:87} INFO - Running: ['airflow', 'tasks', 'run', 'multi_region_processor_alternative', 'process_customers_asia', 'manual__2025-06-09T06:55:54.379533+00:00', '--job-id', '36', '--raw', '--subdir', 'DAGS_FOLDER/dag_run.py', '--cfg-path', '/tmp/tmpravcjqgi']
[2025-06-09T06:56:02.304+0000] {standard_task_runner.py:88} INFO - Job 36: Subtask process_customers_asia
[2025-06-09T06:56:02.339+0000] {logging_mixin.py:188} WARNING - /home/airflow/.local/lib/python3.10/site-packages/airflow/settings.py:194 DeprecationWarning: The sql_alchemy_conn option in [core] has been moved to the sql_alchemy_conn option in [database] - the old setting has been used, but please update your config.
[2025-06-09T06:56:02.414+0000] {task_command.py:423} INFO - Running <TaskInstance: multi_region_processor_alternative.process_customers_asia manual__2025-06-09T06:55:54.379533+00:00 [running]> on host afcdbcf38bc0
[2025-06-09T06:56:02.586+0000] {taskinstance.py:2480} INFO - Exporting env vars: AIRFLOW_CTX_DAG_OWNER='data-team' AIRFLOW_CTX_DAG_ID='multi_region_processor_alternative' AIRFLOW_CTX_TASK_ID='process_customers_asia' AIRFLOW_CTX_EXECUTION_DATE='2025-06-09T06:55:54.379533+00:00' AIRFLOW_CTX_TRY_NUMBER='1' AIRFLOW_CTX_DAG_RUN_ID='manual__2025-06-09T06:55:54.379533+00:00'
[2025-06-09T06:56:09.084+0000] {logging_mixin.py:188} INFO - Error processing customers for asia: [JAVA_GATEWAY_EXITED] Java gateway process exited before sending its port number.
[2025-06-09T06:56:09.085+0000] {taskinstance.py:2698} ERROR - Task failed with exception
Traceback (most recent call last):
  File "/opt/airflow/dags/dag_run.py", line 129, in process_table
    spark = get_spark_session(f"Process_{table}_{region}_{load_date}")
  File "/opt/airflow/dags/dag_run.py", line 115, in get_spark_session
    .getOrCreate()
  File "/home/airflow/.local/lib/python3.10/site-packages/pyspark/sql/session.py", line 497, in getOrCreate
    sc = SparkContext.getOrCreate(sparkConf)
  File "/home/airflow/.local/lib/python3.10/site-packages/pyspark/context.py", line 515, in getOrCreate
    SparkContext(conf=conf or SparkConf())
  File "/home/airflow/.local/lib/python3.10/site-packages/pyspark/context.py", line 201, in __init__
    SparkContext._ensure_initialized(self, gateway=gateway, conf=conf)
  File "/home/airflow/.local/lib/python3.10/site-packages/pyspark/context.py", line 436, in _ensure_initialized
    SparkContext._gateway = gateway or launch_gateway(conf)
  File "/home/airflow/.local/lib/python3.10/site-packages/pyspark/java_gateway.py", line 107, in launch_gateway
    raise PySparkRuntimeError(
pyspark.errors.exceptions.base.PySparkRuntimeError: [JAVA_GATEWAY_EXITED] Java gateway process exited before sending its port number.

During handling of the above exception, another exception occurred:

Traceback (most recent call last):
  File "/home/airflow/.local/lib/python3.10/site-packages/airflow/models/taskinstance.py", line 433, in _execute_task
    result = execute_callable(context=context, **execute_callable_kwargs)
  File "/home/airflow/.local/lib/python3.10/site-packages/airflow/decorators/base.py", line 241, in execute
    return_value = super().execute(context)
  File "/home/airflow/.local/lib/python3.10/site-packages/airflow/operators/python.py", line 199, in execute
    return_value = self.execute_callable()
  File "/home/airflow/.local/lib/python3.10/site-packages/airflow/operators/python.py", line 216, in execute_callable
    return self.python_callable(*self.op_args, **self.op_kwargs)
  File "/opt/airflow/dags/dag_run.py", line 176, in process_table
    raise Exception(error_msg)
Exception: Error processing customers for asia: [JAVA_GATEWAY_EXITED] Java gateway process exited before sending its port number.
[2025-06-09T06:56:09.115+0000] {taskinstance.py:1138} INFO - Marking task as UP_FOR_RETRY. dag_id=multi_region_processor_alternative, task_id=process_customers_asia, execution_date=20250609T065554, start_date=20250609T065602, end_date=20250609T065609
[2025-06-09T06:56:09.141+0000] {standard_task_runner.py:107} ERROR - Failed to execute job 36 for task process_customers_asia (Error processing customers for asia: [JAVA_GATEWAY_EXITED] Java gateway process exited before sending its port number.; 42023)
[2025-06-09T06:56:09.164+0000] {local_task_job_runner.py:234} INFO - Task exited with return code 1
[2025-06-09T06:56:09.291+0000] {taskinstance.py:3280} INFO - 0 downstream tasks scheduled from follow-on schedule check
