[2025-06-09T06:41:37.131+0000] {taskinstance.py:1956} INFO - Dependencies all met for dep_context=non-requeueable deps ti=<TaskInstance: transform_categories.run_transformation_us manual__2025-06-09T06:41:24.361891+00:00 [queued]>
[2025-06-09T06:41:37.145+0000] {taskinstance.py:1956} INFO - Dependencies all met for dep_context=requeueable deps ti=<TaskInstance: transform_categories.run_transformation_us manual__2025-06-09T06:41:24.361891+00:00 [queued]>
[2025-06-09T06:41:37.146+0000] {taskinstance.py:2170} INFO - Starting attempt 1 of 1
[2025-06-09T06:41:37.179+0000] {taskinstance.py:2191} INFO - Executing <Task(_PythonDecoratedOperator): run_transformation_us> on 2025-06-09 06:41:24.361891+00:00
[2025-06-09T06:41:37.189+0000] {standard_task_runner.py:60} INFO - Started process 2240 to run task
[2025-06-09T06:41:37.189+0000] {clientserver.py:543} INFO - Closing down clientserver connection
[2025-06-09T06:41:37.194+0000] {standard_task_runner.py:87} INFO - Running: ['airflow', 'tasks', 'run', 'transform_categories', 'run_transformation_us', 'manual__2025-06-09T06:41:24.361891+00:00', '--job-id', '13', '--raw', '--subdir', 'DAGS_FOLDER/staging/categories_to_staging.py', '--cfg-path', '/tmp/tmpbb_45xqk']
[2025-06-09T06:41:37.196+0000] {standard_task_runner.py:88} INFO - Job 13: Subtask run_transformation_us
[2025-06-09T06:41:37.221+0000] {logging_mixin.py:188} WARNING - /home/airflow/.local/lib/python3.10/site-packages/airflow/settings.py:194 DeprecationWarning: The sql_alchemy_conn option in [core] has been moved to the sql_alchemy_conn option in [database] - the old setting has been used, but please update your config.
[2025-06-09T06:41:37.245+0000] {clientserver.py:505} INFO - Error while sending or receiving.
Traceback (most recent call last):
  File "/home/airflow/.local/lib/python3.10/site-packages/py4j/clientserver.py", line 503, in send_command
    self.socket.sendall(command.encode("utf-8"))
ConnectionResetError: [Errno 104] Connection reset by peer
[2025-06-09T06:41:37.247+0000] {clientserver.py:543} INFO - Closing down clientserver connection
[2025-06-09T06:41:37.247+0000] {java_gateway.py:1052} INFO - Exception while sending command.
Traceback (most recent call last):
  File "/home/airflow/.local/lib/python3.10/site-packages/py4j/clientserver.py", line 503, in send_command
    self.socket.sendall(command.encode("utf-8"))
ConnectionResetError: [Errno 104] Connection reset by peer

During handling of the above exception, another exception occurred:

Traceback (most recent call last):
  File "/home/airflow/.local/lib/python3.10/site-packages/py4j/java_gateway.py", line 1038, in send_command
    response = connection.send_command(command)
  File "/home/airflow/.local/lib/python3.10/site-packages/py4j/clientserver.py", line 506, in send_command
    raise Py4JNetworkError(
py4j.protocol.Py4JNetworkError: Error while sending
[2025-06-09T06:41:37.251+0000] {clientserver.py:543} INFO - Closing down clientserver connection
[2025-06-09T06:41:37.286+0000] {task_command.py:423} INFO - Running <TaskInstance: transform_categories.run_transformation_us manual__2025-06-09T06:41:24.361891+00:00 [running]> on host afcdbcf38bc0
[2025-06-09T06:41:37.463+0000] {taskinstance.py:2480} INFO - Exporting env vars: AIRFLOW_CTX_DAG_OWNER='airflow' AIRFLOW_CTX_DAG_ID='transform_categories' AIRFLOW_CTX_TASK_ID='run_transformation_us' AIRFLOW_CTX_EXECUTION_DATE='2025-06-09T06:41:24.361891+00:00' AIRFLOW_CTX_TRY_NUMBER='1' AIRFLOW_CTX_DAG_RUN_ID='manual__2025-06-09T06:41:24.361891+00:00'
[2025-06-09T06:41:37.465+0000] {logging_mixin.py:188} INFO - Starting transformation for table: categories in region: us
[2025-06-09T06:41:37.465+0000] {logging_mixin.py:188} INFO - Reading data from: /opt/airflow/data/raw/region=us/table=categories/load_date=2025-06-08/part-00000-a1f68c9d-0004-4cc9-8e06-0d7efca22f20-c000.snappy.parquet
[2025-06-09T06:41:38.520+0000] {logging_mixin.py:188} INFO - [INFO] Processing 15 records for us
[2025-06-09T06:41:38.521+0000] {logging_mixin.py:188} INFO - Error transforming data for us: 'DataFrame' object has no attribute 'select'
[2025-06-09T06:41:38.521+0000] {taskinstance.py:2698} ERROR - Task failed with exception
Traceback (most recent call last):
  File "/home/airflow/.local/lib/python3.10/site-packages/airflow/models/taskinstance.py", line 433, in _execute_task
    result = execute_callable(context=context, **execute_callable_kwargs)
  File "/home/airflow/.local/lib/python3.10/site-packages/airflow/decorators/base.py", line 241, in execute
    return_value = super().execute(context)
  File "/home/airflow/.local/lib/python3.10/site-packages/airflow/operators/python.py", line 199, in execute
    return_value = self.execute_callable()
  File "/home/airflow/.local/lib/python3.10/site-packages/airflow/operators/python.py", line 216, in execute_callable
    return self.python_callable(*self.op_args, **self.op_kwargs)
  File "/opt/airflow/dags/staging/categories_to_staging.py", line 99, in run_transformation_us
    transform_categories_table(
  File "/opt/airflow/dags/staging/../../scripts/pyspark_jobs/categories.py", line 144, in transform_categories_table
    raise e
  File "/opt/airflow/dags/staging/../../scripts/pyspark_jobs/categories.py", line 127, in transform_categories_table
    df_transformed = transform_categories(df_raw, region)
  File "/opt/airflow/scripts/etl/transform/categories.py", line 132, in transform_categories
    return transform_us(df)
  File "/opt/airflow/scripts/etl/transform/categories.py", line 73, in transform_us
    return df.select(
  File "/home/airflow/.local/lib/python3.10/site-packages/pandas/core/generic.py", line 6299, in __getattr__
    return object.__getattribute__(self, name)
AttributeError: 'DataFrame' object has no attribute 'select'
[2025-06-09T06:41:38.541+0000] {taskinstance.py:1138} INFO - Marking task as FAILED. dag_id=transform_categories, task_id=run_transformation_us, execution_date=20250609T064124, start_date=20250609T064137, end_date=20250609T064138
[2025-06-09T06:41:38.566+0000] {standard_task_runner.py:107} ERROR - Failed to execute job 13 for task run_transformation_us ('DataFrame' object has no attribute 'select'; 2240)
[2025-06-09T06:41:38.608+0000] {local_task_job_runner.py:234} INFO - Task exited with return code 1
[2025-06-09T06:41:38.634+0000] {taskinstance.py:3280} INFO - 0 downstream tasks scheduled from follow-on schedule check
